com\project\demo\modules\migration\dto\connection\request\ConnectionRequest.class
com\project\demo\utility\Helper.class
com\project\demo\modules\migration\dto\ErrorResponse.class
com\project\demo\api\rest\javafx\AddConnectionController.class
com\project\demo\Launcher.class
com\project\demo\modules\migration\repository\ConnectionRepo.class
com\project\demo\migrationValidator\validatorModule\ChecksumValidator.class
com\project\demo\modules\migration\dto\response\MigrationDescriptionResponse$MigrationDescriptionResponseBuilder.class
com\project\demo\migrationValidator\validatorModule\DangerousSqlValidator.class
com\project\demo\infrastructure\exception\AppException.class
com\project\demo\infrastructure\exception\MigrationExecutionException.class
com\project\demo\modules\migration\model\MigrationScript.class
com\project\demo\modules\migration\dto\connection\response\ConnectionResponseDto.class
com\project\demo\BeforeExecutionValidation\comparator\SchemaComparator.class
com\project\demo\modules\migration\parser\ASTDependencyExtractor$1.class
com\project\demo\setup\SetupService.class
com\project\demo\infrastructure\sqlQueries\MigrationQuery.class
com\project\demo\api\rest\javafx\TablesController.class
com\project\demo\modules\migration\dto\StatusResponse.class
com\project\demo\modules\migration\repository\ConnectionRepository.class
com\project\demo\modules\migration\service\CommonService.class
com\project\demo\infrastructure\exception\GlobalExceptionHandler.class
com\project\demo\utility\SqlOperationDetector.class
com\project\demo\component\MigrationLoader.class
com\project\demo\api\rest\Controller\MigrationExecutionController.class
com\project\demo\utility\RandomGenerator.class
com\project\demo\modules\migration\dto\connection\request\ConnectionRequest$ConnectionRequestBuilder.class
com\project\demo\modules\migration\dto\ColumnInfoDTO.class
com\project\demo\modules\migration\dto\TableInfoDTO.class
com\project\demo\migrationRepair\repairModule\UpScriptRepairer.class
com\project\demo\modules\migration\dto\MigrationDetailsDTO.class
com\project\demo\infrastructure\exception\MigrationLoadException.class
com\project\demo\modules\migration\dto\schemaRequest\ForeignKeyDTO.class
com\project\demo\modules\migration\service\ChecksumService.class
com\project\demo\migrationRepair\repairModule\ChecksumRepairer.class
com\project\demo\migrationRepair\repairModule\DescriptionRepairer.class
com\project\demo\component\UpMigrationService.class
com\project\demo\modules\migration\dto\migration\response\MigrationRepairResponseDto.class
com\project\demo\component\MigrationRecorder.class
com\project\demo\api\rest\javafx\DatabaseConnectionsController.class
com\project\demo\modules\migration\dto\response\MigrationDescriptionResponse.class
com\project\demo\modules\migration\model\Migration.class
com\project\demo\BeforeExecutionValidation\builder\SchemaBuilder.class
com\project\demo\driver\DriverShim.class
com\project\demo\BeforeExecutionValidation\utils\SchemaUtils.class
com\project\demo\modules\migration\dto\migration\request\MigrationRollbackRequestDto.class
com\project\demo\modules\migration\model\LogLevel.class
com\project\demo\api\rest\javafx\DashboardController.class
com\project\demo\driver\DriverScanner.class
com\project\demo\modules\migration\repository\MigrationLockRepository.class
com\project\demo\modules\migration\mappingProfile\LogMapper.class
com\project\demo\api\rest\javafx\MigrationScriptsController.class
com\project\demo\api\rest\javafx\CreateMigrationController.class
com\project\demo\modules\migration\repository\MigrationRepository.class
com\project\demo\migrationRepair\interfaces\MigrationRepairer.class
com\project\demo\modules\migration\dto\migration\request\ExecuteMigrationRequestDto.class
com\project\demo\BeforeExecutionValidation\builder\DatabaseSchemaBuilder.class
com\project\demo\migrationRepair\repairModule\FileNameRepairer.class
com\project\demo\api\rest\javafx\ConnectionViewController.class
com\project\demo\component\DownMigrationService.class
com\project\demo\driver\DriverRegistry.class
com\project\demo\modules\migration\repository\MigrationLogRepo.class
com\project\demo\driver\DriverInfo.class
com\project\demo\modules\migration\dto\MigrationReview.class
com\project\demo\migrationValidator\validatorModule\ConnectionValidator.class
com\project\demo\migrationRepair\exception\RepairException.class
com\project\demo\config\ConfigManager.class
com\project\demo\api\rest\javafx\RollbackDialogController.class
com\project\demo\utility\ConnectionHolder.class
com\project\demo\component\MigrationEngine.class
com\project\demo\component\MigrationValidator.class
com\project\demo\modules\migration\dto\response\ValidationResult.class
com\project\demo\component\DependencyEngine.class
com\project\demo\migrationValidator\validatorModule\SqlSyntaxValidator.class
com\project\demo\BeforeExecutionValidation\model\SchemaModel.class
com\project\demo\enumuration\Status.class
com\project\demo\modules\migration\dto\request\MigrationRequest.class
com\project\demo\component\RepairService.class
com\project\demo\modules\migration\dto\schemaRequest\PrimaryKeyDTO.class
com\project\demo\migrationValidator\validatorModule\ScriptValidator.class
com\project\demo\modules\migration\dto\RelatedScriptDTO.class
com\project\demo\component\MigrationRepair$AnalysisResult.class
com\project\demo\modules\migration\model\ConnectionConfig$ConnectionConfigBuilder.class
com\project\demo\migrationValidator\validatorModule\DescriptionValidator.class
com\project\demo\component\MigrationRepair.class
com\project\demo\api\rest\javafx\ActivityLogsController$1.class
com\project\demo\api\rest\Controller\SchemaController.class
com\project\demo\modules\migration\model\Dependency.class
com\project\demo\modules\migration\service\MigrationLockService.class
com\project\demo\migrationRepair\engine\RepairEngine.class
com\project\demo\api\rest\Controller\ConnectionController.class
com\project\demo\api\rest\Controller\MigrationScriptController.class
com\project\demo\infrastructure\exception\MigrationCreationException.class
com\project\demo\BeforeExecutionValidation\parser\ASTSchemaExtractor.class
com\project\demo\modules\migration\dto\ValidationDTO.class
com\project\demo\api\rest\javafx\SettingsController.class
com\project\demo\modules\migration\dto\schemaRequest\TableSchemaDto.class
com\project\demo\api\rest\javafx\RunHistory.class
com\project\demo\component\ScriptExecutor.class
com\project\demo\enumuration\DatabaseOperation.class
com\project\demo\driver\JdbcDriver.class
com\project\demo\modules\migration\dto\schemaRequest\ColumnSchemaDto.class
com\project\demo\BeforeExecutionValidation\SchemaValidatorService.class
com\project\demo\component\SchemaDiffGenerator.class
com\project\demo\modules\migration\mappingProfile\DependencyMapper.class
com\project\demo\config\DynamicDataSourceConfig.class
com\project\demo\component\MigrationComponent.class
com\project\demo\modules\migration\dto\migration\response\MigrationResultResponseDto.class
com\project\demo\modules\migration\service\MigrationFailureService.class
com\project\demo\modules\migration\service\MigrationTableService.class
com\project\demo\migrationValidator\validationEngine\ValidationEngine.class
com\project\demo\modules\migration\service\MigrationLifecycleService.class
com\project\demo\modules\migration\service\ConnectionService.class
com\project\demo\api\rest\Controller\LogController.class
com\project\demo\api\rest\javafx\ActivityLogsController.class
com\project\demo\utility\VersionUtils.class
com\project\demo\modules\migration\dto\RollbackRequest.class
com\project\demo\modules\migration\service\SchemaIntrospectionService.class
com\project\demo\migrationRepair\repairModule\VersionRepairer.class
com\project\demo\component\SqlExecutor.class
com\project\demo\modules\migration\dto\connection\response\ActiveResponseDto.class
com\project\demo\modules\migration\service\LogService.class
com\project\demo\api\rest\Controller\MigrationQueryController.class
com\project\demo\modules\migration\parser\ASTDependencyExtractor.class
com\project\demo\setup\SetupController.class
com\project\demo\driver\DatabaseType.class
com\project\demo\Main.class
com\project\demo\modules\migration\dto\response\MigrationScriptCreateResponse.class
com\project\demo\config\MigrationProperties.class
com\project\demo\modules\migration\dto\response\MigrationScriptCreateResponse$MigrationScriptCreateResponseBuilder.class
com\project\demo\modules\migration\mappingProfile\DependencyMapper$1.class
com\project\demo\infrastructure\exception\MigrationValidationException.class
com\project\demo\driver\DriverManagerService.class
com\project\demo\modules\migration\model\Dependency$DependencyBuilder.class
com\project\demo\modules\migration\service\MigrationService.class
com\project\demo\BeforeExecutionValidation\exception\ValidationException.class
com\project\demo\enumuration\DependencyType.class
com\project\demo\modules\migration\mappingProfile\MigrationMapper.class
com\project\demo\infrastructure\exception\MigrationLockException.class
com\project\demo\modules\migration\dto\logs\response\MigrationLogsResponseDto.class
com\project\demo\modules\migration\validator\DependencyValidator.class
com\project\demo\modules\migration\dto\migration\request\MigrationUpdateRequestDto.class
com\project\demo\modules\migration\dto\migration\response\MigrationUpdateResponseDto.class
com\project\demo\modules\migration\dto\MigrationDetailsDTO$MigrationDetailsDTOBuilder.class
com\project\demo\api\rest\javafx\ConnectionCardController.class
com\project\demo\modules\migration\service\MigrationScriptService.class
com\project\demo\migrationValidator\interfaces\MigrationValidator.class
com\project\demo\modules\migration\model\MigrationLock.class
com\project\demo\modules\migration\dto\migration\response\MigrationRollbackResponseDto.class
com\project\demo\component\RepeatableMigrationService.class
com\project\demo\modules\migration\dto\MigrationStatisticsDTO.class
com\project\demo\BeforeExecutionValidation\model\ColumnModel.class
com\project\demo\component\ConnectionContext.class
com\project\demo\migrationValidator\validatorModule\RepeatableMigrationValidator.class
com\project\demo\modules\migration\validator\DependencyValidator$1.class
com\project\demo\modules\migration\model\MigrationLogs.class
com\project\demo\component\MigrationOrchestrator.class
com\project\demo\config\DatabaseConfig.class
com\project\demo\BeforeExecutionValidation\model\TableModel.class
com\project\demo\migrationValidator\validatorModule\VersionValidator.class
com\project\demo\infrastructure\exception\MigrationException.class
com\project\demo\modules\migration\dto\MigrationDetailsResponse.class
com\project\demo\api\rest\javafx\DatabaseTablesController.class
com\project\demo\migrationValidator\exception\ValidationException.class
com\project\demo\modules\migration\service\SchemaMetadataService.class
com\project\demo\modules\migration\dto\connection\response\ConnectionInfoResponseDto.class
com\project\demo\bootstrap\BootstrapManager.class
com\project\demo\DemoApplication.class
com\project\demo\migrationRepair\repairModule\SqlFormatterRepairer.class
com\project\demo\modules\migration\dto\MigrationScriptStatus.class
com\project\demo\modules\migration\repository\MigrationRepository$MigrationRowMapper.class
com\project\demo\modules\migration\model\ConnectionConfig.class
com\project\demo\migrationValidator\validatorModule\MigrationExistsValidator.class
