C:\Users\Sigilotech-User\IdeaProjects\Database_Migration\Backend\demo\src\main\java\com\project\demo\api\rest\Controller\ConnectionController.java
C:\Users\Sigilotech-User\IdeaProjects\Database_Migration\Backend\demo\src\main\java\com\project\demo\api\rest\Controller\LogController.java
C:\Users\Sigilotech-User\IdeaProjects\Database_Migration\Backend\demo\src\main\java\com\project\demo\api\rest\Controller\MigrationExecutionController.java
C:\Users\Sigilotech-User\IdeaProjects\Database_Migration\Backend\demo\src\main\java\com\project\demo\api\rest\Controller\MigrationQueryController.java
C:\Users\Sigilotech-User\IdeaProjects\Database_Migration\Backend\demo\src\main\java\com\project\demo\api\rest\Controller\MigrationScriptController.java
C:\Users\Sigilotech-User\IdeaProjects\Database_Migration\Backend\demo\src\main\java\com\project\demo\api\rest\Controller\SchemaController.java
C:\Users\Sigilotech-User\IdeaProjects\Database_Migration\Backend\demo\src\main\java\com\project\demo\api\rest\javafx\ActivityLogsController.java
C:\Users\Sigilotech-User\IdeaProjects\Database_Migration\Backend\demo\src\main\java\com\project\demo\api\rest\javafx\AddConnectionController.java
C:\Users\Sigilotech-User\IdeaProjects\Database_Migration\Backend\demo\src\main\java\com\project\demo\api\rest\javafx\ConnectionCardController.java
C:\Users\Sigilotech-User\IdeaProjects\Database_Migration\Backend\demo\src\main\java\com\project\demo\api\rest\javafx\ConnectionViewController.java
C:\Users\Sigilotech-User\IdeaProjects\Database_Migration\Backend\demo\src\main\java\com\project\demo\api\rest\javafx\CreateMigrationController.java
C:\Users\Sigilotech-User\IdeaProjects\Database_Migration\Backend\demo\src\main\java\com\project\demo\api\rest\javafx\DashboardController.java
C:\Users\Sigilotech-User\IdeaProjects\Database_Migration\Backend\demo\src\main\java\com\project\demo\api\rest\javafx\DatabaseConnectionsController.java
C:\Users\Sigilotech-User\IdeaProjects\Database_Migration\Backend\demo\src\main\java\com\project\demo\api\rest\javafx\DatabaseTablesController.java
C:\Users\Sigilotech-User\IdeaProjects\Database_Migration\Backend\demo\src\main\java\com\project\demo\api\rest\javafx\MigrationScriptsController.java
C:\Users\Sigilotech-User\IdeaProjects\Database_Migration\Backend\demo\src\main\java\com\project\demo\api\rest\javafx\RollbackDialogController.java
C:\Users\Sigilotech-User\IdeaProjects\Database_Migration\Backend\demo\src\main\java\com\project\demo\api\rest\javafx\RunHistory.java
C:\Users\Sigilotech-User\IdeaProjects\Database_Migration\Backend\demo\src\main\java\com\project\demo\api\rest\javafx\SettingsController.java
C:\Users\Sigilotech-User\IdeaProjects\Database_Migration\Backend\demo\src\main\java\com\project\demo\api\rest\javafx\TablesController.java
C:\Users\Sigilotech-User\IdeaProjects\Database_Migration\Backend\demo\src\main\java\com\project\demo\BeforeExecutionValidation\builder\DatabaseSchemaBuilder.java
C:\Users\Sigilotech-User\IdeaProjects\Database_Migration\Backend\demo\src\main\java\com\project\demo\BeforeExecutionValidation\builder\SchemaBuilder.java
C:\Users\Sigilotech-User\IdeaProjects\Database_Migration\Backend\demo\src\main\java\com\project\demo\BeforeExecutionValidation\comparator\SchemaComparator.java
C:\Users\Sigilotech-User\IdeaProjects\Database_Migration\Backend\demo\src\main\java\com\project\demo\BeforeExecutionValidation\exception\ValidationException.java
C:\Users\Sigilotech-User\IdeaProjects\Database_Migration\Backend\demo\src\main\java\com\project\demo\BeforeExecutionValidation\model\ColumnModel.java
C:\Users\Sigilotech-User\IdeaProjects\Database_Migration\Backend\demo\src\main\java\com\project\demo\BeforeExecutionValidation\model\SchemaModel.java
C:\Users\Sigilotech-User\IdeaProjects\Database_Migration\Backend\demo\src\main\java\com\project\demo\BeforeExecutionValidation\model\TableModel.java
C:\Users\Sigilotech-User\IdeaProjects\Database_Migration\Backend\demo\src\main\java\com\project\demo\BeforeExecutionValidation\parser\ASTSchemaExtractor.java
C:\Users\Sigilotech-User\IdeaProjects\Database_Migration\Backend\demo\src\main\java\com\project\demo\BeforeExecutionValidation\SchemaValidatorService.java
C:\Users\Sigilotech-User\IdeaProjects\Database_Migration\Backend\demo\src\main\java\com\project\demo\BeforeExecutionValidation\utils\SchemaUtils.java
C:\Users\Sigilotech-User\IdeaProjects\Database_Migration\Backend\demo\src\main\java\com\project\demo\bootstrap\BootstrapManager.java
C:\Users\Sigilotech-User\IdeaProjects\Database_Migration\Backend\demo\src\main\java\com\project\demo\component\ConnectionContext.java
C:\Users\Sigilotech-User\IdeaProjects\Database_Migration\Backend\demo\src\main\java\com\project\demo\component\DependencyEngine.java
C:\Users\Sigilotech-User\IdeaProjects\Database_Migration\Backend\demo\src\main\java\com\project\demo\component\DownMigrationService.java
C:\Users\Sigilotech-User\IdeaProjects\Database_Migration\Backend\demo\src\main\java\com\project\demo\component\MigrationComponent.java
C:\Users\Sigilotech-User\IdeaProjects\Database_Migration\Backend\demo\src\main\java\com\project\demo\component\MigrationEngine.java
C:\Users\Sigilotech-User\IdeaProjects\Database_Migration\Backend\demo\src\main\java\com\project\demo\component\MigrationLoader.java
C:\Users\Sigilotech-User\IdeaProjects\Database_Migration\Backend\demo\src\main\java\com\project\demo\component\MigrationOrchestrator.java
C:\Users\Sigilotech-User\IdeaProjects\Database_Migration\Backend\demo\src\main\java\com\project\demo\component\MigrationRecorder.java
C:\Users\Sigilotech-User\IdeaProjects\Database_Migration\Backend\demo\src\main\java\com\project\demo\component\MigrationRepair.java
C:\Users\Sigilotech-User\IdeaProjects\Database_Migration\Backend\demo\src\main\java\com\project\demo\component\MigrationValidator.java
C:\Users\Sigilotech-User\IdeaProjects\Database_Migration\Backend\demo\src\main\java\com\project\demo\component\RepairService.java
C:\Users\Sigilotech-User\IdeaProjects\Database_Migration\Backend\demo\src\main\java\com\project\demo\component\RepeatableMigrationService.java
C:\Users\Sigilotech-User\IdeaProjects\Database_Migration\Backend\demo\src\main\java\com\project\demo\component\SchemaDiffGenerator.java
C:\Users\Sigilotech-User\IdeaProjects\Database_Migration\Backend\demo\src\main\java\com\project\demo\component\ScriptExecutor.java
C:\Users\Sigilotech-User\IdeaProjects\Database_Migration\Backend\demo\src\main\java\com\project\demo\component\SqlExecutor.java
C:\Users\Sigilotech-User\IdeaProjects\Database_Migration\Backend\demo\src\main\java\com\project\demo\component\UpMigrationService.java
C:\Users\Sigilotech-User\IdeaProjects\Database_Migration\Backend\demo\src\main\java\com\project\demo\config\ConfigManager.java
C:\Users\Sigilotech-User\IdeaProjects\Database_Migration\Backend\demo\src\main\java\com\project\demo\config\DatabaseConfig.java
C:\Users\Sigilotech-User\IdeaProjects\Database_Migration\Backend\demo\src\main\java\com\project\demo\config\DynamicDataSourceConfig.java
C:\Users\Sigilotech-User\IdeaProjects\Database_Migration\Backend\demo\src\main\java\com\project\demo\config\MigrationProperties.java
C:\Users\Sigilotech-User\IdeaProjects\Database_Migration\Backend\demo\src\main\java\com\project\demo\DemoApplication.java
C:\Users\Sigilotech-User\IdeaProjects\Database_Migration\Backend\demo\src\main\java\com\project\demo\driver\DatabaseType.java
C:\Users\Sigilotech-User\IdeaProjects\Database_Migration\Backend\demo\src\main\java\com\project\demo\driver\DriverInfo.java
C:\Users\Sigilotech-User\IdeaProjects\Database_Migration\Backend\demo\src\main\java\com\project\demo\driver\DriverManagerService.java
C:\Users\Sigilotech-User\IdeaProjects\Database_Migration\Backend\demo\src\main\java\com\project\demo\driver\DriverRegistry.java
C:\Users\Sigilotech-User\IdeaProjects\Database_Migration\Backend\demo\src\main\java\com\project\demo\driver\DriverScanner.java
C:\Users\Sigilotech-User\IdeaProjects\Database_Migration\Backend\demo\src\main\java\com\project\demo\driver\DriverShim.java
C:\Users\Sigilotech-User\IdeaProjects\Database_Migration\Backend\demo\src\main\java\com\project\demo\driver\JdbcDriver.java
C:\Users\Sigilotech-User\IdeaProjects\Database_Migration\Backend\demo\src\main\java\com\project\demo\enumuration\DatabaseOperation.java
C:\Users\Sigilotech-User\IdeaProjects\Database_Migration\Backend\demo\src\main\java\com\project\demo\enumuration\DependencyType.java
C:\Users\Sigilotech-User\IdeaProjects\Database_Migration\Backend\demo\src\main\java\com\project\demo\enumuration\Status.java
C:\Users\Sigilotech-User\IdeaProjects\Database_Migration\Backend\demo\src\main\java\com\project\demo\infrastructure\exception\AppException.java
C:\Users\Sigilotech-User\IdeaProjects\Database_Migration\Backend\demo\src\main\java\com\project\demo\infrastructure\exception\GlobalExceptionHandler.java
C:\Users\Sigilotech-User\IdeaProjects\Database_Migration\Backend\demo\src\main\java\com\project\demo\infrastructure\exception\MigrationCreationException.java
C:\Users\Sigilotech-User\IdeaProjects\Database_Migration\Backend\demo\src\main\java\com\project\demo\infrastructure\exception\MigrationException.java
C:\Users\Sigilotech-User\IdeaProjects\Database_Migration\Backend\demo\src\main\java\com\project\demo\infrastructure\exception\MigrationExecutionException.java
C:\Users\Sigilotech-User\IdeaProjects\Database_Migration\Backend\demo\src\main\java\com\project\demo\infrastructure\exception\MigrationLoadException.java
C:\Users\Sigilotech-User\IdeaProjects\Database_Migration\Backend\demo\src\main\java\com\project\demo\infrastructure\exception\MigrationLockException.java
C:\Users\Sigilotech-User\IdeaProjects\Database_Migration\Backend\demo\src\main\java\com\project\demo\infrastructure\exception\MigrationValidationException.java
C:\Users\Sigilotech-User\IdeaProjects\Database_Migration\Backend\demo\src\main\java\com\project\demo\infrastructure\sqlQueries\MigrationQuery.java
C:\Users\Sigilotech-User\IdeaProjects\Database_Migration\Backend\demo\src\main\java\com\project\demo\Launcher.java
C:\Users\Sigilotech-User\IdeaProjects\Database_Migration\Backend\demo\src\main\java\com\project\demo\Main.java
C:\Users\Sigilotech-User\IdeaProjects\Database_Migration\Backend\demo\src\main\java\com\project\demo\migrationRepair\engine\RepairEngine.java
C:\Users\Sigilotech-User\IdeaProjects\Database_Migration\Backend\demo\src\main\java\com\project\demo\migrationRepair\exception\RepairException.java
C:\Users\Sigilotech-User\IdeaProjects\Database_Migration\Backend\demo\src\main\java\com\project\demo\migrationRepair\interfaces\MigrationRepairer.java
C:\Users\Sigilotech-User\IdeaProjects\Database_Migration\Backend\demo\src\main\java\com\project\demo\migrationRepair\repairModule\ChecksumRepairer.java
C:\Users\Sigilotech-User\IdeaProjects\Database_Migration\Backend\demo\src\main\java\com\project\demo\migrationRepair\repairModule\DescriptionRepairer.java
C:\Users\Sigilotech-User\IdeaProjects\Database_Migration\Backend\demo\src\main\java\com\project\demo\migrationRepair\repairModule\FileNameRepairer.java
C:\Users\Sigilotech-User\IdeaProjects\Database_Migration\Backend\demo\src\main\java\com\project\demo\migrationRepair\repairModule\SqlFormatterRepairer.java
C:\Users\Sigilotech-User\IdeaProjects\Database_Migration\Backend\demo\src\main\java\com\project\demo\migrationRepair\repairModule\UpScriptRepairer.java
C:\Users\Sigilotech-User\IdeaProjects\Database_Migration\Backend\demo\src\main\java\com\project\demo\migrationRepair\repairModule\VersionRepairer.java
C:\Users\Sigilotech-User\IdeaProjects\Database_Migration\Backend\demo\src\main\java\com\project\demo\migrationValidator\exception\ValidationException.java
C:\Users\Sigilotech-User\IdeaProjects\Database_Migration\Backend\demo\src\main\java\com\project\demo\migrationValidator\interfaces\MigrationValidator.java
C:\Users\Sigilotech-User\IdeaProjects\Database_Migration\Backend\demo\src\main\java\com\project\demo\migrationValidator\validationEngine\ValidationEngine.java
C:\Users\Sigilotech-User\IdeaProjects\Database_Migration\Backend\demo\src\main\java\com\project\demo\migrationValidator\validatorModule\ChecksumValidator.java
C:\Users\Sigilotech-User\IdeaProjects\Database_Migration\Backend\demo\src\main\java\com\project\demo\migrationValidator\validatorModule\ConnectionValidator.java
C:\Users\Sigilotech-User\IdeaProjects\Database_Migration\Backend\demo\src\main\java\com\project\demo\migrationValidator\validatorModule\DangerousSqlValidator.java
C:\Users\Sigilotech-User\IdeaProjects\Database_Migration\Backend\demo\src\main\java\com\project\demo\migrationValidator\validatorModule\DescriptionValidator.java
C:\Users\Sigilotech-User\IdeaProjects\Database_Migration\Backend\demo\src\main\java\com\project\demo\migrationValidator\validatorModule\MigrationExistsValidator.java
C:\Users\Sigilotech-User\IdeaProjects\Database_Migration\Backend\demo\src\main\java\com\project\demo\migrationValidator\validatorModule\RepeatableMigrationValidator.java
C:\Users\Sigilotech-User\IdeaProjects\Database_Migration\Backend\demo\src\main\java\com\project\demo\migrationValidator\validatorModule\ScriptValidator.java
C:\Users\Sigilotech-User\IdeaProjects\Database_Migration\Backend\demo\src\main\java\com\project\demo\migrationValidator\validatorModule\SqlSyntaxValidator.java
C:\Users\Sigilotech-User\IdeaProjects\Database_Migration\Backend\demo\src\main\java\com\project\demo\migrationValidator\validatorModule\VersionValidator.java
C:\Users\Sigilotech-User\IdeaProjects\Database_Migration\Backend\demo\src\main\java\com\project\demo\modules\migration\dto\ColumnInfoDTO.java
C:\Users\Sigilotech-User\IdeaProjects\Database_Migration\Backend\demo\src\main\java\com\project\demo\modules\migration\dto\connection\request\ConnectionRequest.java
C:\Users\Sigilotech-User\IdeaProjects\Database_Migration\Backend\demo\src\main\java\com\project\demo\modules\migration\dto\connection\response\ActiveResponseDto.java
C:\Users\Sigilotech-User\IdeaProjects\Database_Migration\Backend\demo\src\main\java\com\project\demo\modules\migration\dto\connection\response\ConnectionInfoResponseDto.java
C:\Users\Sigilotech-User\IdeaProjects\Database_Migration\Backend\demo\src\main\java\com\project\demo\modules\migration\dto\connection\response\ConnectionResponseDto.java
C:\Users\Sigilotech-User\IdeaProjects\Database_Migration\Backend\demo\src\main\java\com\project\demo\modules\migration\dto\ErrorResponse.java
C:\Users\Sigilotech-User\IdeaProjects\Database_Migration\Backend\demo\src\main\java\com\project\demo\modules\migration\dto\logs\response\MigrationLogsResponseDto.java
C:\Users\Sigilotech-User\IdeaProjects\Database_Migration\Backend\demo\src\main\java\com\project\demo\modules\migration\dto\migration\request\ExecuteMigrationRequestDto.java
C:\Users\Sigilotech-User\IdeaProjects\Database_Migration\Backend\demo\src\main\java\com\project\demo\modules\migration\dto\migration\request\MigrationRollbackRequestDto.java
C:\Users\Sigilotech-User\IdeaProjects\Database_Migration\Backend\demo\src\main\java\com\project\demo\modules\migration\dto\migration\request\MigrationUpdateRequestDto.java
C:\Users\Sigilotech-User\IdeaProjects\Database_Migration\Backend\demo\src\main\java\com\project\demo\modules\migration\dto\migration\response\MigrationRepairResponseDto.java
C:\Users\Sigilotech-User\IdeaProjects\Database_Migration\Backend\demo\src\main\java\com\project\demo\modules\migration\dto\migration\response\MigrationResultResponseDto.java
C:\Users\Sigilotech-User\IdeaProjects\Database_Migration\Backend\demo\src\main\java\com\project\demo\modules\migration\dto\migration\response\MigrationRollbackResponseDto.java
C:\Users\Sigilotech-User\IdeaProjects\Database_Migration\Backend\demo\src\main\java\com\project\demo\modules\migration\dto\migration\response\MigrationUpdateResponseDto.java
C:\Users\Sigilotech-User\IdeaProjects\Database_Migration\Backend\demo\src\main\java\com\project\demo\modules\migration\dto\MigrationDetailsDTO.java
C:\Users\Sigilotech-User\IdeaProjects\Database_Migration\Backend\demo\src\main\java\com\project\demo\modules\migration\dto\MigrationDetailsResponse.java
C:\Users\Sigilotech-User\IdeaProjects\Database_Migration\Backend\demo\src\main\java\com\project\demo\modules\migration\dto\MigrationReview.java
C:\Users\Sigilotech-User\IdeaProjects\Database_Migration\Backend\demo\src\main\java\com\project\demo\modules\migration\dto\MigrationScriptStatus.java
C:\Users\Sigilotech-User\IdeaProjects\Database_Migration\Backend\demo\src\main\java\com\project\demo\modules\migration\dto\MigrationStatisticsDTO.java
C:\Users\Sigilotech-User\IdeaProjects\Database_Migration\Backend\demo\src\main\java\com\project\demo\modules\migration\dto\RelatedScriptDTO.java
C:\Users\Sigilotech-User\IdeaProjects\Database_Migration\Backend\demo\src\main\java\com\project\demo\modules\migration\dto\request\MigrationRequest.java
C:\Users\Sigilotech-User\IdeaProjects\Database_Migration\Backend\demo\src\main\java\com\project\demo\modules\migration\dto\response\MigrationDescriptionResponse.java
C:\Users\Sigilotech-User\IdeaProjects\Database_Migration\Backend\demo\src\main\java\com\project\demo\modules\migration\dto\response\MigrationScriptCreateResponse.java
C:\Users\Sigilotech-User\IdeaProjects\Database_Migration\Backend\demo\src\main\java\com\project\demo\modules\migration\dto\response\ValidationResult.java
C:\Users\Sigilotech-User\IdeaProjects\Database_Migration\Backend\demo\src\main\java\com\project\demo\modules\migration\dto\RollbackRequest.java
C:\Users\Sigilotech-User\IdeaProjects\Database_Migration\Backend\demo\src\main\java\com\project\demo\modules\migration\dto\schemaRequest\ColumnSchemaDto.java
C:\Users\Sigilotech-User\IdeaProjects\Database_Migration\Backend\demo\src\main\java\com\project\demo\modules\migration\dto\schemaRequest\ForeignKeyDTO.java
C:\Users\Sigilotech-User\IdeaProjects\Database_Migration\Backend\demo\src\main\java\com\project\demo\modules\migration\dto\schemaRequest\PrimaryKeyDTO.java
C:\Users\Sigilotech-User\IdeaProjects\Database_Migration\Backend\demo\src\main\java\com\project\demo\modules\migration\dto\schemaRequest\TableSchemaDto.java
C:\Users\Sigilotech-User\IdeaProjects\Database_Migration\Backend\demo\src\main\java\com\project\demo\modules\migration\dto\StatusResponse.java
C:\Users\Sigilotech-User\IdeaProjects\Database_Migration\Backend\demo\src\main\java\com\project\demo\modules\migration\dto\TableInfoDTO.java
C:\Users\Sigilotech-User\IdeaProjects\Database_Migration\Backend\demo\src\main\java\com\project\demo\modules\migration\dto\ValidationDTO.java
C:\Users\Sigilotech-User\IdeaProjects\Database_Migration\Backend\demo\src\main\java\com\project\demo\modules\migration\mappingProfile\DependencyMapper.java
C:\Users\Sigilotech-User\IdeaProjects\Database_Migration\Backend\demo\src\main\java\com\project\demo\modules\migration\mappingProfile\LogMapper.java
C:\Users\Sigilotech-User\IdeaProjects\Database_Migration\Backend\demo\src\main\java\com\project\demo\modules\migration\mappingProfile\MigrationMapper.java
C:\Users\Sigilotech-User\IdeaProjects\Database_Migration\Backend\demo\src\main\java\com\project\demo\modules\migration\model\ConnectionConfig.java
C:\Users\Sigilotech-User\IdeaProjects\Database_Migration\Backend\demo\src\main\java\com\project\demo\modules\migration\model\Dependency.java
C:\Users\Sigilotech-User\IdeaProjects\Database_Migration\Backend\demo\src\main\java\com\project\demo\modules\migration\model\LogLevel.java
C:\Users\Sigilotech-User\IdeaProjects\Database_Migration\Backend\demo\src\main\java\com\project\demo\modules\migration\model\Migration.java
C:\Users\Sigilotech-User\IdeaProjects\Database_Migration\Backend\demo\src\main\java\com\project\demo\modules\migration\model\MigrationLock.java
C:\Users\Sigilotech-User\IdeaProjects\Database_Migration\Backend\demo\src\main\java\com\project\demo\modules\migration\model\MigrationLogs.java
C:\Users\Sigilotech-User\IdeaProjects\Database_Migration\Backend\demo\src\main\java\com\project\demo\modules\migration\model\MigrationScript.java
C:\Users\Sigilotech-User\IdeaProjects\Database_Migration\Backend\demo\src\main\java\com\project\demo\modules\migration\parser\ASTDependencyExtractor.java
C:\Users\Sigilotech-User\IdeaProjects\Database_Migration\Backend\demo\src\main\java\com\project\demo\modules\migration\repository\ConnectionRepo.java
C:\Users\Sigilotech-User\IdeaProjects\Database_Migration\Backend\demo\src\main\java\com\project\demo\modules\migration\repository\ConnectionRepository.java
C:\Users\Sigilotech-User\IdeaProjects\Database_Migration\Backend\demo\src\main\java\com\project\demo\modules\migration\repository\MigrationLockRepository.java
C:\Users\Sigilotech-User\IdeaProjects\Database_Migration\Backend\demo\src\main\java\com\project\demo\modules\migration\repository\MigrationLogRepo.java
C:\Users\Sigilotech-User\IdeaProjects\Database_Migration\Backend\demo\src\main\java\com\project\demo\modules\migration\repository\MigrationRepository.java
C:\Users\Sigilotech-User\IdeaProjects\Database_Migration\Backend\demo\src\main\java\com\project\demo\modules\migration\service\ChecksumService.java
C:\Users\Sigilotech-User\IdeaProjects\Database_Migration\Backend\demo\src\main\java\com\project\demo\modules\migration\service\CommonService.java
C:\Users\Sigilotech-User\IdeaProjects\Database_Migration\Backend\demo\src\main\java\com\project\demo\modules\migration\service\ConnectionService.java
C:\Users\Sigilotech-User\IdeaProjects\Database_Migration\Backend\demo\src\main\java\com\project\demo\modules\migration\service\LogService.java
C:\Users\Sigilotech-User\IdeaProjects\Database_Migration\Backend\demo\src\main\java\com\project\demo\modules\migration\service\MigrationAiService.java
C:\Users\Sigilotech-User\IdeaProjects\Database_Migration\Backend\demo\src\main\java\com\project\demo\modules\migration\service\MigrationFailureService.java
C:\Users\Sigilotech-User\IdeaProjects\Database_Migration\Backend\demo\src\main\java\com\project\demo\modules\migration\service\MigrationLifecycleService.java
C:\Users\Sigilotech-User\IdeaProjects\Database_Migration\Backend\demo\src\main\java\com\project\demo\modules\migration\service\MigrationLockService.java
C:\Users\Sigilotech-User\IdeaProjects\Database_Migration\Backend\demo\src\main\java\com\project\demo\modules\migration\service\MigrationScriptService.java
C:\Users\Sigilotech-User\IdeaProjects\Database_Migration\Backend\demo\src\main\java\com\project\demo\modules\migration\service\MigrationService.java
C:\Users\Sigilotech-User\IdeaProjects\Database_Migration\Backend\demo\src\main\java\com\project\demo\modules\migration\service\MigrationTableService.java
C:\Users\Sigilotech-User\IdeaProjects\Database_Migration\Backend\demo\src\main\java\com\project\demo\modules\migration\service\SchemaIntrospectionService.java
C:\Users\Sigilotech-User\IdeaProjects\Database_Migration\Backend\demo\src\main\java\com\project\demo\modules\migration\service\SchemaMetadataService.java
C:\Users\Sigilotech-User\IdeaProjects\Database_Migration\Backend\demo\src\main\java\com\project\demo\modules\migration\validator\DependencyValidator.java
C:\Users\Sigilotech-User\IdeaProjects\Database_Migration\Backend\demo\src\main\java\com\project\demo\setup\SetupController.java
C:\Users\Sigilotech-User\IdeaProjects\Database_Migration\Backend\demo\src\main\java\com\project\demo\setup\SetupService.java
C:\Users\Sigilotech-User\IdeaProjects\Database_Migration\Backend\demo\src\main\java\com\project\demo\utility\ConnectionHolder.java
C:\Users\Sigilotech-User\IdeaProjects\Database_Migration\Backend\demo\src\main\java\com\project\demo\utility\Helper.java
C:\Users\Sigilotech-User\IdeaProjects\Database_Migration\Backend\demo\src\main\java\com\project\demo\utility\RandomGenerator.java
C:\Users\Sigilotech-User\IdeaProjects\Database_Migration\Backend\demo\src\main\java\com\project\demo\utility\SqlOperationDetector.java
C:\Users\Sigilotech-User\IdeaProjects\Database_Migration\Backend\demo\src\main\java\com\project\demo\utility\VersionUtils.java
